[0m21:13:12.938062 [debug] [MainThread]: Sending event: {'category': 'dbt', 'action': 'invocation', 'label': 'start', 'context': [<snowplow_tracker.self_describing_json.SelfDescribingJson object at 0x7592b0219a60>, <snowplow_tracker.self_describing_json.SelfDescribingJson object at 0x7592b079ce30>, <snowplow_tracker.self_describing_json.SelfDescribingJson object at 0x7592b163fb30>]}


============================== 21:13:12.986637 | d286c597-4ea7-430e-8f47-54dcaa527111 ==============================
[0m21:13:12.986637 [info ] [MainThread]: Running with dbt=1.9.2
[0m21:13:12.987470 [debug] [MainThread]: running dbt with arguments {'printer_width': '80', 'indirect_selection': 'eager', 'log_cache_events': 'False', 'write_json': 'True', 'partial_parse': 'True', 'cache_selected_only': 'False', 'profiles_dir': '/home/vlls3rkr/.dbt', 'version_check': 'True', 'warn_error': 'None', 'log_path': 'logs', 'fail_fast': 'False', 'debug': 'False', 'use_colors': 'True', 'use_experimental_parser': 'False', 'empty': 'None', 'quiet': 'False', 'no_print': 'None', 'log_format': 'default', 'introspect': 'True', 'static_parser': 'True', 'invocation_command': 'dbt init', 'target_path': 'None', 'warn_error_options': 'WarnErrorOptions(include=[], exclude=[])', 'send_anonymous_usage_stats': 'True'}
[0m21:13:31.704550 [debug] [MainThread]: Starter project path: /home/vlls3rkr/.cache/pypoetry/virtualenvs/week-01-nlzfxGhm-py3.12/lib/python3.12/site-packages/dbt/include/starter_project
[0m21:13:31.706305 [info ] [MainThread]: 
Your new dbt project "dbt_project" was created!

For more information on how to configure the profiles.yml file,
please consult the dbt documentation here:

  https://docs.getdbt.com/docs/configure-your-profile

One more thing:

Need help? Don't hesitate to reach out to us via GitHub issues or on Slack:

  https://community.getdbt.com/

Happy modeling!

[0m21:13:31.706730 [info ] [MainThread]: Setting up your profile.
[0m21:14:24.633496 [info ] [MainThread]: Profile dbt_project written to /home/vlls3rkr/.dbt/profiles.yml using target's profile_template.yml and your supplied values. Run 'dbt debug' to validate the connection.
[0m21:14:24.634431 [debug] [MainThread]: Resource report: {"command_name": "init", "command_success": true, "command_wall_clock_time": 71.75249, "process_in_blocks": "82128", "process_kernel_time": 0.317026, "process_mem_max_rss": "203376", "process_out_blocks": "40296", "process_user_time": 4.04757}
[0m21:14:24.634862 [debug] [MainThread]: Command `dbt init` succeeded at 21:14:24.634780 after 71.75 seconds
[0m21:14:24.635192 [debug] [MainThread]: Sending event: {'category': 'dbt', 'action': 'invocation', 'label': 'end', 'context': [<snowplow_tracker.self_describing_json.SelfDescribingJson object at 0x7592af692030>, <snowplow_tracker.self_describing_json.SelfDescribingJson object at 0x7592aded9280>, <snowplow_tracker.self_describing_json.SelfDescribingJson object at 0x75928b9a7da0>]}
[0m21:14:24.635644 [debug] [MainThread]: Flushing usage events
[0m21:14:25.441280 [debug] [MainThread]: An error was encountered while trying to flush usage events
[0m16:30:12.892716 [debug] [MainThread]: Sending event: {'category': 'dbt', 'action': 'invocation', 'label': 'start', 'context': [<snowplow_tracker.self_describing_json.SelfDescribingJson object at 0x78c6cdeeb380>, <snowplow_tracker.self_describing_json.SelfDescribingJson object at 0x78c6cdb04a70>, <snowplow_tracker.self_describing_json.SelfDescribingJson object at 0x78c6cd7e9880>]}


============================== 16:30:12.897347 | 2fc4ab42-9fc7-4bf4-9c64-d439fb1022c7 ==============================
[0m16:30:12.897347 [info ] [MainThread]: Running with dbt=1.9.2
[0m16:30:12.897933 [debug] [MainThread]: running dbt with arguments {'printer_width': '80', 'indirect_selection': 'eager', 'log_cache_events': 'False', 'write_json': 'True', 'partial_parse': 'True', 'cache_selected_only': 'False', 'warn_error': 'None', 'fail_fast': 'False', 'profiles_dir': '/home/vlls3rkr/.dbt', 'log_path': 'logs', 'version_check': 'True', 'debug': 'False', 'use_colors': 'True', 'use_experimental_parser': 'False', 'no_print': 'None', 'quiet': 'False', 'empty': 'False', 'warn_error_options': 'WarnErrorOptions(include=[], exclude=[])', 'introspect': 'True', 'invocation_command': 'dbt run --select stg_fhv_data', 'log_format': 'default', 'target_path': 'None', 'static_parser': 'True', 'send_anonymous_usage_stats': 'True'}
[0m16:30:12.898441 [error] [MainThread]: Encountered an error:
Runtime Error
  No dbt_project.yml found at expected path /home/vlls3rkr/repos/de_zoomcamp/week_04/dbt_project.yml
  Verify that each entry within packages.yml (and their transitive dependencies) contains a file named dbt_project.yml
  
[0m16:30:12.899237 [debug] [MainThread]: Resource report: {"command_name": "run", "command_success": false, "command_wall_clock_time": 0.0889064, "process_in_blocks": "3296", "process_kernel_time": 0.088778, "process_mem_max_rss": "87804", "process_out_blocks": "16", "process_user_time": 1.094264}
[0m16:30:12.899657 [debug] [MainThread]: Command `dbt run` failed at 16:30:12.899573 after 0.09 seconds
[0m16:30:12.900003 [debug] [MainThread]: Sending event: {'category': 'dbt', 'action': 'invocation', 'label': 'end', 'context': [<snowplow_tracker.self_describing_json.SelfDescribingJson object at 0x78c6cd46b4d0>, <snowplow_tracker.self_describing_json.SelfDescribingJson object at 0x78c6cd8648c0>, <snowplow_tracker.self_describing_json.SelfDescribingJson object at 0x78c6cd6508c0>]}
[0m16:30:12.900364 [debug] [MainThread]: Flushing usage events
